// Jest Snapshot v1, https://goo.gl/fbAQLP

exports[`sample snapshot 1`] = `
.c0 {
  background: orange;
}

<div>
  <div
    class="c0"
  >
    Hi
  </div>
</div>
`;
